// Jest Snapshot v1, https://goo.gl/fbAQLP

exports[`matches snapshot 1`] = `
Array [
  <p
    className="filter-btn"
    data-testid="filter-btn"
    onClick={[Function]}
  >
    Filter
  </p>,
  <div
    className="hidden"
  >
    <div
      className="filter-popup__header"
    >
      <p
        className="filter-popup__title"
      >
        Filter
      </p>
      <p
        className="filter-popup__exit"
        onClick={[Function]}
      >
        âœ•
      </p>
    </div>
    <div
      className="filter-popup__body"
      data-testid="filter-popup__body"
    >
      <p
        className="filter-popup__section-title"
      >
        Product Line
      </p>
      <div
        className="filter-popup__option"
      >
        <input
          checked={false}
          className="filter-popup__checkbox"
          id="UniFi"
          onChange={[Function]}
          type="checkbox"
        />
        <label
          className="filter-popup__label"
          htmlFor="UniFi"
        >
          UniFi
        </label>
      </div>
      <div
        className="filter-popup__option"
      >
        <input
          checked={false}
          className="filter-popup__checkbox"
          id="UniFi LTE"
          onChange={[Function]}
          type="checkbox"
        />
        <label
          className="filter-popup__label"
          htmlFor="UniFi LTE"
        >
          UniFi LTE
        </label>
      </div>
      <div
        className="filter-popup__option"
      >
        <input
          checked={false}
          className="filter-popup__checkbox"
          id="UniFi LED"
          onChange={[Function]}
          type="checkbox"
        />
        <label
          className="filter-popup__label"
          htmlFor="UniFi LED"
        >
          UniFi LED
        </label>
      </div>
      <div
        className="filter-popup__option"
      >
        <input
          checked={false}
          className="filter-popup__checkbox"
          id="UniFi Protect"
          onChange={[Function]}
          type="checkbox"
        />
        <label
          className="filter-popup__label"
          htmlFor="UniFi Protect"
        >
          UniFi Protect
        </label>
      </div>
      <div
        className="filter-popup__option"
      >
        <input
          checked={false}
          className="filter-popup__checkbox"
          id="UniFi Access"
          onChange={[Function]}
          type="checkbox"
        />
        <label
          className="filter-popup__label"
          htmlFor="UniFi Access"
        >
          UniFi Access
        </label>
      </div>
      <div
        className="filter-popup__option"
      >
        <input
          checked={false}
          className="filter-popup__checkbox"
          id="UniFi Talk"
          onChange={[Function]}
          type="checkbox"
        />
        <label
          className="filter-popup__label"
          htmlFor="UniFi Talk"
        >
          UniFi Talk
        </label>
      </div>
      <div
        className="filter-popup__option"
      >
        <input
          checked={false}
          className="filter-popup__checkbox"
          id="AirMAX"
          onChange={[Function]}
          type="checkbox"
        />
        <label
          className="filter-popup__label"
          htmlFor="AirMAX"
        >
          AirMAX
        </label>
      </div>
      <div
        className="filter-popup__option"
      >
        <input
          checked={false}
          className="filter-popup__checkbox"
          id="AirPrism"
          onChange={[Function]}
          type="checkbox"
        />
        <label
          className="filter-popup__label"
          htmlFor="AirPrism"
        >
          AirPrism
        </label>
      </div>
      <div
        className="filter-popup__option"
      >
        <input
          checked={false}
          className="filter-popup__checkbox"
          id="AirCube"
          onChange={[Function]}
          type="checkbox"
        />
        <label
          className="filter-popup__label"
          htmlFor="AirCube"
        >
          AirCube
        </label>
      </div>
      <div
        className="filter-popup__option"
      >
        <input
          checked={false}
          className="filter-popup__checkbox"
          id="EdgeMAX"
          onChange={[Function]}
          type="checkbox"
        />
        <label
          className="filter-popup__label"
          htmlFor="EdgeMAX"
        >
          EdgeMAX
        </label>
      </div>
      <div
        className="filter-popup__option"
      >
        <input
          checked={false}
          className="filter-popup__checkbox"
          id="SunMAX"
          onChange={[Function]}
          type="checkbox"
        />
        <label
          className="filter-popup__label"
          htmlFor="SunMAX"
        >
          SunMAX
        </label>
      </div>
      <div
        className="filter-popup__option"
      >
        <input
          checked={false}
          className="filter-popup__checkbox"
          id="AirFiber"
          onChange={[Function]}
          type="checkbox"
        />
        <label
          className="filter-popup__label"
          htmlFor="AirFiber"
        >
          AirFiber
        </label>
      </div>
      <div
        className="filter-popup__option"
      >
        <input
          checked={false}
          className="filter-popup__checkbox"
          id="UFiber"
          onChange={[Function]}
          type="checkbox"
        />
        <label
          className="filter-popup__label"
          htmlFor="UFiber"
        >
          UFiber
        </label>
      </div>
      <div
        className="filter-popup__option"
      >
        <input
          checked={false}
          className="filter-popup__checkbox"
          id="LTU"
          onChange={[Function]}
          type="checkbox"
        />
        <label
          className="filter-popup__label"
          htmlFor="LTU"
        >
          LTU
        </label>
      </div>
      <div
        className="filter-popup__option"
      >
        <input
          checked={false}
          className="filter-popup__checkbox"
          id="AmpliFi"
          onChange={[Function]}
          type="checkbox"
        />
        <label
          className="filter-popup__label"
          htmlFor="AmpliFi"
        >
          AmpliFi
        </label>
      </div>
      <div
        className="filter-popup__option"
      >
        <input
          checked={false}
          className="filter-popup__checkbox"
          id="mFi"
          onChange={[Function]}
          type="checkbox"
        />
        <label
          className="filter-popup__label"
          htmlFor="mFi"
        >
          mFi
        </label>
      </div>
      <div
        className="filter-popup__option"
      >
        <input
          checked={false}
          className="filter-popup__checkbox"
          id="UISP"
          onChange={[Function]}
          type="checkbox"
        />
        <label
          className="filter-popup__label"
          htmlFor="UISP"
        >
          UISP
        </label>
      </div>
      <div
        className="filter-popup__option"
      >
        <input
          checked={false}
          className="filter-popup__checkbox"
          id="UNMS"
          onChange={[Function]}
          type="checkbox"
        />
        <label
          className="filter-popup__label"
          htmlFor="UISP"
        >
          UNMS
        </label>
      </div>
      <div
        className="filter-popup__option"
      >
        <input
          checked={false}
          className="filter-popup__checkbox"
          id="Smart"
          onChange={[Function]}
          type="checkbox"
        />
        <label
          className="filter-popup__label"
          htmlFor="Smart"
        >
          Smart
        </label>
      </div>
      <div
        className="filter-popup__option"
      >
        <input
          checked={false}
          className="filter-popup__checkbox"
          id="SmartPower"
          onChange={[Function]}
          type="checkbox"
        />
        <label
          className="filter-popup__label"
          htmlFor="SmartPower"
        >
          SmartPower
        </label>
      </div>
      <div
        className="filter-popup__option"
      >
        <input
          checked={false}
          className="filter-popup__checkbox"
          id="Security"
          onChange={[Function]}
          type="checkbox"
        />
        <label
          className="filter-popup__label"
          htmlFor="Security"
        >
          Security
        </label>
      </div>
      <div
        className="filter-popup__option"
      >
        <input
          checked={false}
          className="filter-popup__checkbox"
          id="Conference"
          onChange={[Function]}
          type="checkbox"
        />
        <label
          className="filter-popup__label"
          htmlFor="Conference"
        >
          Conference
        </label>
      </div>
      <div
        className="filter-popup__option"
      >
        <input
          checked={false}
          className="filter-popup__checkbox"
          id="Ubiquiti"
          onChange={[Function]}
          type="checkbox"
        />
        <label
          className="filter-popup__label"
          htmlFor="Ubiquiti"
        >
          Ubiquiti
        </label>
      </div>
    </div>
  </div>,
]
`;
