// Jest Snapshot v1, https://goo.gl/fbAQLP

exports[`matches snapshot 1`] = `
<div
  className="App"
>
  <div
    className="header"
    data-testid="header"
  >
    <svg
      className="header__logo"
      data-testid="UI-logo"
      fill="none"
      height="56"
      onClick={[Function]}
      viewBox="1 0 56 56"
      width="56"
      xmlns="http://www.w3.org/2000/svg"
    >
      <rect
        fill="url(#paint0_radial_16_29347)"
        height="56"
        transform="translate(0.5)"
        width="56"
      />
      <path
        clipRule="evenodd"
        d="M34.6701 15.6953C33.8183 16.8073 33.3924 18.0104 33.3924 19.3047V34.125C33.3924 34.5078 33.3738 34.8997 33.3368 35.3008C33.2998 35.7018 33.2442 36.1029 33.1701 36.5039C34.1146 36.3216 34.9803 36.0436 35.7674 35.6699C36.5544 35.2962 37.2627 34.8177 37.8924 34.2344C38.522 33.651 39.0683 32.9629 39.5312 32.1699C39.9942 31.3769 40.3831 30.4792 40.6979 29.4766L41.309 27.5078V14.0273C37.7349 14.0273 35.522 14.5833 34.6701 15.6953ZM22.3646 15.5586H20.7812V17.0898H22.3646V15.5586ZM23.9479 17.8828H22.3646V19.4141H23.9479V17.8828ZM22.3646 19.8242H20.7812V21.3555H22.3646V19.8242ZM20.7812 22.1211H19.1979V23.6797H20.7812V22.1211ZM17.6146 14H16.0312V15.5586H17.6146V14ZM24.684 37.5977C24.1933 36.6133 23.9479 35.4557 23.9479 34.125V22.8867H22.3646V28.6289H20.7812V25.2109H19.1979V26.7422H17.6146V18.2656H16.0312V30.9531C16.0312 32.5208 16.3183 33.9792 16.8924 35.3281C17.4664 36.6771 18.2951 37.8483 19.3785 38.8418C20.4618 39.8353 21.7859 40.61 23.3507 41.166C24.9155 41.722 26.6886 42 28.6701 42L27.934 41.5215C27.4433 41.2025 26.9016 40.7148 26.309 40.0586C25.7164 39.4023 25.1748 38.582 24.684 37.5977ZM33.809 36.9961C32.5868 37.2695 31.2442 37.3789 29.7812 37.3242C28.7257 37.2695 27.7859 37.1191 26.9618 36.873C26.1377 36.627 25.4109 36.3125 24.7812 35.9297C25.2072 37.7526 25.9942 39.1152 27.1424 40.0176C28.2905 40.9199 28.9016 41.3984 28.9757 41.4531L29.9201 41.9453C31.7164 41.8359 33.3183 41.4805 34.7257 40.8789C36.1331 40.2773 37.3275 39.4889 38.309 38.5137C39.2905 37.5384 40.0359 36.4082 40.5451 35.123C41.0544 33.8379 41.309 32.4479 41.309 30.9531V29.6406C40.8831 31.026 40.3183 32.2155 39.6146 33.209C38.9109 34.2025 38.0729 35.0137 37.1007 35.6426C36.1285 36.2715 35.0313 36.7227 33.809 36.9961ZM20.7535 17.1172H19.1979V18.6484H20.7535V17.1172ZM42.1639 14C42.3119 14 42.4413 14.0528 42.5523 14.1585C42.6633 14.2642 42.7188 14.391 42.7188 14.5389C42.7188 14.6975 42.6633 14.8296 42.5523 14.9352C42.4413 15.0409 42.3119 15.0938 42.1639 15.0938C42.016 15.0938 41.8892 15.0409 41.7835 14.9352C41.6778 14.8296 41.625 14.6975 41.625 14.5389C41.625 14.391 41.6778 14.2642 41.7835 14.1585C41.8892 14.0528 42.016 14 42.1639 14ZM42.1639 15.0145C42.2908 15.0145 42.3991 14.9696 42.4889 14.8798C42.5787 14.7899 42.6236 14.6763 42.6236 14.5389C42.6236 14.4121 42.5787 14.3038 42.4889 14.214C42.3991 14.1242 42.2908 14.0793 42.1639 14.0793C42.0371 14.0793 41.9315 14.1242 41.8469 14.214C41.7624 14.3038 41.7201 14.4121 41.7201 14.5389C41.7201 14.6763 41.7624 14.7899 41.8469 14.8798C41.9315 14.9696 42.0371 15.0145 42.1639 15.0145ZM42.3779 14.531C42.4044 14.5046 42.4176 14.465 42.4176 14.4121C42.4176 14.3487 42.4017 14.3012 42.37 14.2695C42.3383 14.2378 42.2802 14.2219 42.1957 14.2219H41.9579V14.856H42.053V14.5865H42.1639L42.3383 14.856H42.4334L42.2591 14.5865C42.3119 14.5759 42.3515 14.5574 42.3779 14.531ZM42.1639 14.5072C42.2062 14.5072 42.2432 14.502 42.2749 14.4914C42.3066 14.4808 42.3225 14.4544 42.3225 14.4121C42.3225 14.3699 42.3093 14.3408 42.2828 14.325C42.2564 14.3091 42.2221 14.3012 42.1798 14.3012H42.053V14.5072H42.1639Z"
        fill="url(#paint1_linear_16_29347)"
        fillRule="evenodd"
      />
      <defs>
        <radialGradient
          cx="0"
          cy="0"
          gradientTransform="translate(28) rotate(90) scale(56)"
          gradientUnits="userSpaceOnUse"
          id="paint0_radial_16_29347"
          r="1"
        >
          <stop
            stopColor="#006FFF"
          />
          <stop
            offset="1"
            stopColor="#003C9E"
          />
        </radialGradient>
        <linearGradient
          gradientUnits="userSpaceOnUse"
          id="paint1_linear_16_29347"
          x1="24.847"
          x2="44.053"
          y1="57.0457"
          y2="33.4519"
        >
          <stop
            stopColor="#C2C4CE"
          />
          <stop
            offset="0.39697"
            stopColor="#D6D9E2"
          />
          <stop
            offset="1"
            stopColor="white"
          />
        </linearGradient>
      </defs>
    </svg>
    <p
      className="header__title"
    >
      Devices
    </p>
    <p
      className="header__name"
    >
      Micky Rivera
    </p>
  </div>
  <div
    className="nav-bar"
  >
    <svg
      className="search-form__svg"
      fill="none"
      height="20"
      viewBox="0 0 20 20"
      width="20"
      xmlns="http://www.w3.org/2000/svg"
    >
      <path
        d="M16.853 16.1465L14.006 13.3025C14.937 12.2115 15.5 10.7975 15.5 9.25049C15.5 5.79849 12.702 3.00049 9.25 3.00049C5.798 3.00049 3 5.79849 3 9.25049C3 12.7025 5.798 15.5005 9.25 15.5005C10.795 15.5005 12.208 14.9385 13.299 14.0095L16.147 16.8535C16.245 16.9515 16.372 16.9995 16.5 16.9995C16.628 16.9995 16.756 16.9505 16.854 16.8525C17.049 16.6585 17.049 16.3415 16.853 16.1465ZM4 9.25049C4 6.35549 6.355 4.00049 9.25 4.00049C12.145 4.00049 14.5 6.35549 14.5 9.25049C14.5 12.1455 12.145 14.5005 9.25 14.5005C6.355 14.5005 4 12.1455 4 9.25049Z"
        fill="#838691"
      />
    </svg>
    <form
      className="search-form"
      data-testid="search-form"
      onSubmit={[Function]}
    >
      <input
        className="search-form__input"
        onChange={[Function]}
        placeholder="Search"
        type="text"
        value=""
      />
    </form>
    <button
      className="search-form__clear-btn"
      data-testid="search-form__clear-btn"
      onClick={[Function]}
    >
      âœ•
    </button>
    <div
      className="buttons"
      data-testid="buttons"
    >
      <div
        className="hidden"
      >
        <svg
          className="list-btn__svg"
          data-testid="btn-inactive"
          fill="none"
          height="20"
          onClick={[Function]}
          viewBox="0 0 21 20"
          width="21"
          xmlns="http://www.w3.org/2000/svg"
        >
          <mask
            fill="white"
            id="path-1-inside-1_20_31063"
          >
            <path
              clipRule="evenodd"
              d="M6.5 4.5C6.5 5.32843 5.82843 6 5 6C4.17157 6 3.5 5.32843 3.5 4.5C3.5 3.67157 4.17157 3 5 3C5.82843 3 6.5 3.67157 6.5 4.5ZM8.25 3.75H16.75C17.164 3.75 17.5 4.086 17.5 4.5C17.5 4.914 17.164 5.25 16.75 5.25H8.25C7.836 5.25 7.5 4.914 7.5 4.5C7.5 4.086 7.836 3.75 8.25 3.75ZM5 11.5C5.82843 11.5 6.5 10.8284 6.5 10C6.5 9.17157 5.82843 8.5 5 8.5C4.17157 8.5 3.5 9.17157 3.5 10C3.5 10.8284 4.17157 11.5 5 11.5ZM8.25 9.25H16.75C17.164 9.25 17.5 9.586 17.5 10C17.5 10.414 17.164 10.75 16.75 10.75H8.25C7.836 10.75 7.5 10.414 7.5 10C7.5 9.586 7.836 9.25 8.25 9.25ZM5 17C5.82843 17 6.5 16.3284 6.5 15.5C6.5 14.6716 5.82843 14 5 14C4.17157 14 3.5 14.6716 3.5 15.5C3.5 16.3284 4.17157 17 5 17ZM8.25 14.75H16.75C17.164 14.75 17.5 15.086 17.5 15.5C17.5 15.914 17.164 16.25 16.75 16.25H8.25C7.836 16.25 7.5 15.914 7.5 15.5C7.5 15.086 7.836 14.75 8.25 14.75Z"
              fillRule="evenodd"
            />
          </mask>
          <path
            d="M5 7C6.38071 7 7.5 5.88071 7.5 4.5H5.5C5.5 4.77614 5.27614 5 5 5V7ZM2.5 4.5C2.5 5.88071 3.61929 7 5 7V5C4.72386 5 4.5 4.77614 4.5 4.5H2.5ZM5 2C3.61929 2 2.5 3.11929 2.5 4.5H4.5C4.5 4.22386 4.72386 4 5 4V2ZM7.5 4.5C7.5 3.11929 6.38071 2 5 2V4C5.27614 4 5.5 4.22386 5.5 4.5H7.5ZM16.75 2.75H8.25V4.75H16.75V2.75ZM18.5 4.5C18.5 3.53372 17.7163 2.75 16.75 2.75V4.75C16.6117 4.75 16.5 4.63828 16.5 4.5H18.5ZM16.75 6.25C17.7163 6.25 18.5 5.46628 18.5 4.5H16.5C16.5 4.36172 16.6117 4.25 16.75 4.25V6.25ZM8.25 6.25H16.75V4.25H8.25V6.25ZM6.5 4.5C6.5 5.46628 7.28372 6.25 8.25 6.25V4.25C8.38828 4.25 8.5 4.36172 8.5 4.5H6.5ZM8.25 2.75C7.28372 2.75 6.5 3.53372 6.5 4.5H8.5C8.5 4.63828 8.38828 4.75 8.25 4.75V2.75ZM5.5 10C5.5 10.2761 5.27614 10.5 5 10.5V12.5C6.38071 12.5 7.5 11.3807 7.5 10H5.5ZM5 9.5C5.27614 9.5 5.5 9.72386 5.5 10H7.5C7.5 8.61929 6.38071 7.5 5 7.5V9.5ZM4.5 10C4.5 9.72386 4.72386 9.5 5 9.5V7.5C3.61929 7.5 2.5 8.61929 2.5 10H4.5ZM5 10.5C4.72386 10.5 4.5 10.2761 4.5 10H2.5C2.5 11.3807 3.61929 12.5 5 12.5V10.5ZM16.75 8.25H8.25V10.25H16.75V8.25ZM18.5 10C18.5 9.03372 17.7163 8.25 16.75 8.25V10.25C16.6117 10.25 16.5 10.1383 16.5 10H18.5ZM16.75 11.75C17.7163 11.75 18.5 10.9663 18.5 10H16.5C16.5 9.86171 16.6117 9.75 16.75 9.75V11.75ZM8.25 11.75H16.75V9.75H8.25V11.75ZM6.5 10C6.5 10.9663 7.28372 11.75 8.25 11.75V9.75C8.38828 9.75 8.5 9.86171 8.5 10H6.5ZM8.25 8.25C7.28372 8.25 6.5 9.03372 6.5 10H8.5C8.5 10.1383 8.38828 10.25 8.25 10.25V8.25ZM5.5 15.5C5.5 15.7761 5.27614 16 5 16V18C6.38071 18 7.5 16.8807 7.5 15.5H5.5ZM5 15C5.27614 15 5.5 15.2239 5.5 15.5H7.5C7.5 14.1193 6.38071 13 5 13V15ZM4.5 15.5C4.5 15.2239 4.72386 15 5 15V13C3.61929 13 2.5 14.1193 2.5 15.5H4.5ZM5 16C4.72386 16 4.5 15.7761 4.5 15.5H2.5C2.5 16.8807 3.61929 18 5 18V16ZM16.75 13.75H8.25V15.75H16.75V13.75ZM18.5 15.5C18.5 14.5337 17.7163 13.75 16.75 13.75V15.75C16.6117 15.75 16.5 15.6383 16.5 15.5H18.5ZM16.75 17.25C17.7163 17.25 18.5 16.4663 18.5 15.5H16.5C16.5 15.3617 16.6117 15.25 16.75 15.25V17.25ZM8.25 17.25H16.75V15.25H8.25V17.25ZM6.5 15.5C6.5 16.4663 7.28371 17.25 8.25 17.25V15.25C8.38829 15.25 8.5 15.3617 8.5 15.5H6.5ZM8.25 13.75C7.28371 13.75 6.5 14.5337 6.5 15.5H8.5C8.5 15.6383 8.38829 15.75 8.25 15.75V13.75Z"
            fill="#838691"
            mask="url(#path-1-inside-1_20_31063)"
          />
        </svg>
      </div>
      <div
        className="list-btn"
      >
        <svg
          className="list-btn__svg"
          data-testid="btn-active"
          fill="none"
          height="20"
          onClick={[Function]}
          viewBox="0 0 21 20"
          width="21"
          xmlns="http://www.w3.org/2000/svg"
        >
          <path
            d="M0.5 4C0.5 1.79086 2.29086 0 4.5 0H16.5C18.7091 0 20.5 1.79086 20.5 4V16C20.5 18.2091 18.7091 20 16.5 20H4.5C2.29086 20 0.5 18.2091 0.5 16V4Z"
            fill="#F6F6F8"
          />
          <mask
            fill="white"
            id="path-2-inside-1_20_31110"
          >
            <path
              clipRule="evenodd"
              d="M6.5 4.5C6.5 5.32843 5.82843 6 5 6C4.17157 6 3.5 5.32843 3.5 4.5C3.5 3.67157 4.17157 3 5 3C5.82843 3 6.5 3.67157 6.5 4.5ZM8.25 3.75H16.75C17.164 3.75 17.5 4.086 17.5 4.5C17.5 4.914 17.164 5.25 16.75 5.25H8.25C7.836 5.25 7.5 4.914 7.5 4.5C7.5 4.086 7.836 3.75 8.25 3.75ZM5 11.5C5.82843 11.5 6.5 10.8284 6.5 10C6.5 9.17157 5.82843 8.5 5 8.5C4.17157 8.5 3.5 9.17157 3.5 10C3.5 10.8284 4.17157 11.5 5 11.5ZM8.25 9.25H16.75C17.164 9.25 17.5 9.586 17.5 10C17.5 10.414 17.164 10.75 16.75 10.75H8.25C7.836 10.75 7.5 10.414 7.5 10C7.5 9.586 7.836 9.25 8.25 9.25ZM5 17C5.82843 17 6.5 16.3284 6.5 15.5C6.5 14.6716 5.82843 14 5 14C4.17157 14 3.5 14.6716 3.5 15.5C3.5 16.3284 4.17157 17 5 17ZM8.25 14.75H16.75C17.164 14.75 17.5 15.086 17.5 15.5C17.5 15.914 17.164 16.25 16.75 16.25H8.25C7.836 16.25 7.5 15.914 7.5 15.5C7.5 15.086 7.836 14.75 8.25 14.75Z"
              fillRule="evenodd"
            />
          </mask>
          <path
            clipRule="evenodd"
            d="M6.5 4.5C6.5 5.32843 5.82843 6 5 6C4.17157 6 3.5 5.32843 3.5 4.5C3.5 3.67157 4.17157 3 5 3C5.82843 3 6.5 3.67157 6.5 4.5ZM8.25 3.75H16.75C17.164 3.75 17.5 4.086 17.5 4.5C17.5 4.914 17.164 5.25 16.75 5.25H8.25C7.836 5.25 7.5 4.914 7.5 4.5C7.5 4.086 7.836 3.75 8.25 3.75ZM5 11.5C5.82843 11.5 6.5 10.8284 6.5 10C6.5 9.17157 5.82843 8.5 5 8.5C4.17157 8.5 3.5 9.17157 3.5 10C3.5 10.8284 4.17157 11.5 5 11.5ZM8.25 9.25H16.75C17.164 9.25 17.5 9.586 17.5 10C17.5 10.414 17.164 10.75 16.75 10.75H8.25C7.836 10.75 7.5 10.414 7.5 10C7.5 9.586 7.836 9.25 8.25 9.25ZM5 17C5.82843 17 6.5 16.3284 6.5 15.5C6.5 14.6716 5.82843 14 5 14C4.17157 14 3.5 14.6716 3.5 15.5C3.5 16.3284 4.17157 17 5 17ZM8.25 14.75H16.75C17.164 14.75 17.5 15.086 17.5 15.5C17.5 15.914 17.164 16.25 16.75 16.25H8.25C7.836 16.25 7.5 15.914 7.5 15.5C7.5 15.086 7.836 14.75 8.25 14.75Z"
            fill="#838691"
            fillRule="evenodd"
          />
          <path
            d="M5 7C6.38071 7 7.5 5.88071 7.5 4.5H5.5C5.5 4.77614 5.27614 5 5 5V7ZM2.5 4.5C2.5 5.88071 3.61929 7 5 7V5C4.72386 5 4.5 4.77614 4.5 4.5H2.5ZM5 2C3.61929 2 2.5 3.11929 2.5 4.5H4.5C4.5 4.22386 4.72386 4 5 4V2ZM7.5 4.5C7.5 3.11929 6.38071 2 5 2V4C5.27614 4 5.5 4.22386 5.5 4.5H7.5ZM16.75 2.75H8.25V4.75H16.75V2.75ZM18.5 4.5C18.5 3.53372 17.7163 2.75 16.75 2.75V4.75C16.6117 4.75 16.5 4.63828 16.5 4.5H18.5ZM16.75 6.25C17.7163 6.25 18.5 5.46628 18.5 4.5H16.5C16.5 4.36172 16.6117 4.25 16.75 4.25V6.25ZM8.25 6.25H16.75V4.25H8.25V6.25ZM6.5 4.5C6.5 5.46628 7.28372 6.25 8.25 6.25V4.25C8.38828 4.25 8.5 4.36172 8.5 4.5H6.5ZM8.25 2.75C7.28372 2.75 6.5 3.53372 6.5 4.5H8.5C8.5 4.63828 8.38828 4.75 8.25 4.75V2.75ZM5.5 10C5.5 10.2761 5.27614 10.5 5 10.5V12.5C6.38071 12.5 7.5 11.3807 7.5 10H5.5ZM5 9.5C5.27614 9.5 5.5 9.72386 5.5 10H7.5C7.5 8.61929 6.38071 7.5 5 7.5V9.5ZM4.5 10C4.5 9.72386 4.72386 9.5 5 9.5V7.5C3.61929 7.5 2.5 8.61929 2.5 10H4.5ZM5 10.5C4.72386 10.5 4.5 10.2761 4.5 10H2.5C2.5 11.3807 3.61929 12.5 5 12.5V10.5ZM16.75 8.25H8.25V10.25H16.75V8.25ZM18.5 10C18.5 9.03372 17.7163 8.25 16.75 8.25V10.25C16.6117 10.25 16.5 10.1383 16.5 10H18.5ZM16.75 11.75C17.7163 11.75 18.5 10.9663 18.5 10H16.5C16.5 9.86171 16.6117 9.75 16.75 9.75V11.75ZM8.25 11.75H16.75V9.75H8.25V11.75ZM6.5 10C6.5 10.9663 7.28372 11.75 8.25 11.75V9.75C8.38828 9.75 8.5 9.86171 8.5 10H6.5ZM8.25 8.25C7.28372 8.25 6.5 9.03372 6.5 10H8.5C8.5 10.1383 8.38828 10.25 8.25 10.25V8.25ZM5.5 15.5C5.5 15.7761 5.27614 16 5 16V18C6.38071 18 7.5 16.8807 7.5 15.5H5.5ZM5 15C5.27614 15 5.5 15.2239 5.5 15.5H7.5C7.5 14.1193 6.38071 13 5 13V15ZM4.5 15.5C4.5 15.2239 4.72386 15 5 15V13C3.61929 13 2.5 14.1193 2.5 15.5H4.5ZM5 16C4.72386 16 4.5 15.7761 4.5 15.5H2.5C2.5 16.8807 3.61929 18 5 18V16ZM16.75 13.75H8.25V15.75H16.75V13.75ZM18.5 15.5C18.5 14.5337 17.7163 13.75 16.75 13.75V15.75C16.6117 15.75 16.5 15.6383 16.5 15.5H18.5ZM16.75 17.25C17.7163 17.25 18.5 16.4663 18.5 15.5H16.5C16.5 15.3617 16.6117 15.25 16.75 15.25V17.25ZM8.25 17.25H16.75V15.25H8.25V17.25ZM6.5 15.5C6.5 16.4663 7.28371 17.25 8.25 17.25V15.25C8.38829 15.25 8.5 15.3617 8.5 15.5H6.5ZM8.25 13.75C7.28371 13.75 6.5 14.5337 6.5 15.5H8.5C8.5 15.6383 8.38829 15.75 8.25 15.75V13.75Z"
            fill="#838691"
            mask="url(#path-2-inside-1_20_31110)"
          />
        </svg>
      </div>
      <div
        className="grid-btn"
      >
        <svg
          className="grid-btn__svg"
          fill="none"
          height="20"
          onClick={[Function]}
          viewBox="0 0 21 20"
          width="21"
          xmlns="http://www.w3.org/2000/svg"
        >
          <path
            clipRule="evenodd"
            d="M9 8.5V4H4.5V8.5H9ZM4.5 3H9C9.552 3 10 3.448 10 4V8.5C10 9.052 9.552 9.5 9 9.5H4.5C3.948 9.5 3.5 9.052 3.5 8.5V4C3.5 3.448 3.948 3 4.5 3ZM9 16V11.5H4.5V16H9ZM4.5 10.5H9C9.552 10.5 10 10.948 10 11.5V16C10 16.552 9.552 17 9 17H4.5C3.948 17 3.5 16.552 3.5 16V11.5C3.5 10.948 3.948 10.5 4.5 10.5ZM16.5 4V8.5H12V4H16.5ZM16.5 3H12C11.448 3 11 3.448 11 4V8.5C11 9.052 11.448 9.5 12 9.5H16.5C17.052 9.5 17.5 9.052 17.5 8.5V4C17.5 3.448 17.052 3 16.5 3ZM16.5 16V11.5H12V16H16.5ZM12 10.5H16.5C17.052 10.5 17.5 10.948 17.5 11.5V16C17.5 16.552 17.052 17 16.5 17H12C11.448 17 11 16.552 11 16V11.5C11 10.948 11.448 10.5 12 10.5Z"
            fill="#838691"
            fillRule="evenodd"
          />
        </svg>
      </div>
      <div
        className="hidden"
      >
        <svg
          className="grid-btn__svg"
          fill="none"
          height="20"
          onClick={[Function]}
          viewBox="0 0 21 20"
          width="21"
          xmlns="http://www.w3.org/2000/svg"
        >
          <path
            d="M0.5 4C0.5 1.79086 2.29086 0 4.5 0H16.5C18.7091 0 20.5 1.79086 20.5 4V16C20.5 18.2091 18.7091 20 16.5 20H4.5C2.29086 20 0.5 18.2091 0.5 16V4Z"
            fill="#F6F6F8"
          />
          <path
            clipRule="evenodd"
            d="M9 3C9.552 3 10 3.448 10 4V8.5C10 9.052 9.552 9.5 9 9.5H4.5C3.948 9.5 3.5 9.052 3.5 8.5V4C3.5 3.448 3.948 3 4.5 3H9ZM3.5 11.5C3.5 10.948 3.948 10.5 4.5 10.5H9C9.552 10.5 10 10.948 10 11.5V16C10 16.552 9.552 17 9 17H4.5C3.948 17 3.5 16.552 3.5 16V11.5ZM12 3C11.448 3 11 3.448 11 4V8.5C11 9.052 11.448 9.5 12 9.5H16.5C17.052 9.5 17.5 9.052 17.5 8.5V4C17.5 3.448 17.052 3 16.5 3H12ZM11 11.5C11 10.948 11.448 10.5 12 10.5H16.5C17.052 10.5 17.5 10.948 17.5 11.5V16C17.5 16.552 17.052 17 16.5 17H12C11.448 17 11 16.552 11 16V11.5Z"
            fill="#838691"
            fillRule="evenodd"
          />
        </svg>
      </div>
      <p
        className="filter-btn"
        data-testid="filter-btn"
        onClick={[Function]}
      >
        Filter
      </p>
      <div
        className="hidden"
      >
        <div
          className="filter-popup__header"
        >
          <p
            className="filter-popup__title"
          >
            Filter
          </p>
          <p
            className="filter-popup__exit"
            onClick={[Function]}
          >
            âœ•
          </p>
        </div>
        <div
          className="filter-popup__body"
          data-testid="filter-popup__body"
        >
          <p
            className="filter-popup__section-title"
          >
            Product Line
          </p>
          <div
            className="filter-popup__option"
          >
            <input
              checked={false}
              className="filter-popup__checkbox"
              id="UniFi"
              onChange={[Function]}
              type="checkbox"
            />
            <label
              className="filter-popup__label"
              htmlFor="UniFi"
            >
              UniFi
            </label>
          </div>
          <div
            className="filter-popup__option"
          >
            <input
              checked={false}
              className="filter-popup__checkbox"
              id="UniFi LTE"
              onChange={[Function]}
              type="checkbox"
            />
            <label
              className="filter-popup__label"
              htmlFor="UniFi LTE"
            >
              UniFi LTE
            </label>
          </div>
          <div
            className="filter-popup__option"
          >
            <input
              checked={false}
              className="filter-popup__checkbox"
              id="UniFi LED"
              onChange={[Function]}
              type="checkbox"
            />
            <label
              className="filter-popup__label"
              htmlFor="UniFi LED"
            >
              UniFi LED
            </label>
          </div>
          <div
            className="filter-popup__option"
          >
            <input
              checked={false}
              className="filter-popup__checkbox"
              id="UniFi Protect"
              onChange={[Function]}
              type="checkbox"
            />
            <label
              className="filter-popup__label"
              htmlFor="UniFi Protect"
            >
              UniFi Protect
            </label>
          </div>
          <div
            className="filter-popup__option"
          >
            <input
              checked={false}
              className="filter-popup__checkbox"
              id="UniFi Access"
              onChange={[Function]}
              type="checkbox"
            />
            <label
              className="filter-popup__label"
              htmlFor="UniFi Access"
            >
              UniFi Access
            </label>
          </div>
          <div
            className="filter-popup__option"
          >
            <input
              checked={false}
              className="filter-popup__checkbox"
              id="UniFi Talk"
              onChange={[Function]}
              type="checkbox"
            />
            <label
              className="filter-popup__label"
              htmlFor="UniFi Talk"
            >
              UniFi Talk
            </label>
          </div>
          <div
            className="filter-popup__option"
          >
            <input
              checked={false}
              className="filter-popup__checkbox"
              id="AirMAX"
              onChange={[Function]}
              type="checkbox"
            />
            <label
              className="filter-popup__label"
              htmlFor="AirMAX"
            >
              AirMAX
            </label>
          </div>
          <div
            className="filter-popup__option"
          >
            <input
              checked={false}
              className="filter-popup__checkbox"
              id="AirPrism"
              onChange={[Function]}
              type="checkbox"
            />
            <label
              className="filter-popup__label"
              htmlFor="AirPrism"
            >
              AirPrism
            </label>
          </div>
          <div
            className="filter-popup__option"
          >
            <input
              checked={false}
              className="filter-popup__checkbox"
              id="AirCube"
              onChange={[Function]}
              type="checkbox"
            />
            <label
              className="filter-popup__label"
              htmlFor="AirCube"
            >
              AirCube
            </label>
          </div>
          <div
            className="filter-popup__option"
          >
            <input
              checked={false}
              className="filter-popup__checkbox"
              id="EdgeMAX"
              onChange={[Function]}
              type="checkbox"
            />
            <label
              className="filter-popup__label"
              htmlFor="EdgeMAX"
            >
              EdgeMAX
            </label>
          </div>
          <div
            className="filter-popup__option"
          >
            <input
              checked={false}
              className="filter-popup__checkbox"
              id="SunMAX"
              onChange={[Function]}
              type="checkbox"
            />
            <label
              className="filter-popup__label"
              htmlFor="SunMAX"
            >
              SunMAX
            </label>
          </div>
          <div
            className="filter-popup__option"
          >
            <input
              checked={false}
              className="filter-popup__checkbox"
              id="AirFiber"
              onChange={[Function]}
              type="checkbox"
            />
            <label
              className="filter-popup__label"
              htmlFor="AirFiber"
            >
              AirFiber
            </label>
          </div>
          <div
            className="filter-popup__option"
          >
            <input
              checked={false}
              className="filter-popup__checkbox"
              id="UFiber"
              onChange={[Function]}
              type="checkbox"
            />
            <label
              className="filter-popup__label"
              htmlFor="UFiber"
            >
              UFiber
            </label>
          </div>
          <div
            className="filter-popup__option"
          >
            <input
              checked={false}
              className="filter-popup__checkbox"
              id="LTU"
              onChange={[Function]}
              type="checkbox"
            />
            <label
              className="filter-popup__label"
              htmlFor="LTU"
            >
              LTU
            </label>
          </div>
          <div
            className="filter-popup__option"
          >
            <input
              checked={false}
              className="filter-popup__checkbox"
              id="AmpliFi"
              onChange={[Function]}
              type="checkbox"
            />
            <label
              className="filter-popup__label"
              htmlFor="AmpliFi"
            >
              AmpliFi
            </label>
          </div>
          <div
            className="filter-popup__option"
          >
            <input
              checked={false}
              className="filter-popup__checkbox"
              id="mFi"
              onChange={[Function]}
              type="checkbox"
            />
            <label
              className="filter-popup__label"
              htmlFor="mFi"
            >
              mFi
            </label>
          </div>
          <div
            className="filter-popup__option"
          >
            <input
              checked={false}
              className="filter-popup__checkbox"
              id="UISP"
              onChange={[Function]}
              type="checkbox"
            />
            <label
              className="filter-popup__label"
              htmlFor="UISP"
            >
              UISP
            </label>
          </div>
          <div
            className="filter-popup__option"
          >
            <input
              checked={false}
              className="filter-popup__checkbox"
              id="UNMS"
              onChange={[Function]}
              type="checkbox"
            />
            <label
              className="filter-popup__label"
              htmlFor="UISP"
            >
              UNMS
            </label>
          </div>
          <div
            className="filter-popup__option"
          >
            <input
              checked={false}
              className="filter-popup__checkbox"
              id="Smart"
              onChange={[Function]}
              type="checkbox"
            />
            <label
              className="filter-popup__label"
              htmlFor="Smart"
            >
              Smart
            </label>
          </div>
          <div
            className="filter-popup__option"
          >
            <input
              checked={false}
              className="filter-popup__checkbox"
              id="SmartPower"
              onChange={[Function]}
              type="checkbox"
            />
            <label
              className="filter-popup__label"
              htmlFor="SmartPower"
            >
              SmartPower
            </label>
          </div>
          <div
            className="filter-popup__option"
          >
            <input
              checked={false}
              className="filter-popup__checkbox"
              id="Security"
              onChange={[Function]}
              type="checkbox"
            />
            <label
              className="filter-popup__label"
              htmlFor="Security"
            >
              Security
            </label>
          </div>
          <div
            className="filter-popup__option"
          >
            <input
              checked={false}
              className="filter-popup__checkbox"
              id="Conference"
              onChange={[Function]}
              type="checkbox"
            />
            <label
              className="filter-popup__label"
              htmlFor="Conference"
            >
              Conference
            </label>
          </div>
          <div
            className="filter-popup__option"
          >
            <input
              checked={false}
              className="filter-popup__checkbox"
              id="Ubiquiti"
              onChange={[Function]}
              type="checkbox"
            />
            <label
              className="filter-popup__label"
              htmlFor="Ubiquiti"
            >
              Ubiquiti
            </label>
          </div>
        </div>
      </div>
    </div>
  </div>
  <div
    className=""
  >
    <div
      className="list"
      data-testid="list"
    >
      <div
        className="list-header"
      >
        <p
          className="list-header__count"
        >
          1
           devices
        </p>
        <h4
          className="list-header__line"
        >
          PRODUCT LINE
        </h4>
        <h4
          className="list-header__name"
        >
          NAME
        </h4>
      </div>
      <p
        className="hidden"
      >
        1
         devices
      </p>
      <div
        className="list-item"
        data-testid="list-item"
        onClick={[Function]}
      >
        <div
          className="list-item__img"
        >
          <img
            data-testid="img"
            src="https://static.ui.com/fingerprint/ui/icons/06a25b40-ef1f-463a-82d9-13236866ea3d_25x25.png"
          />
        </div>
        <p
          className="list-item__line"
        />
        <p
          className="list-item__name"
        />
        <p
          className="hidden"
        />
        <p
          className="hidden"
        />
      </div>
    </div>
  </div>
  <div
    className="hidden"
  >
    <h2>
      Oops! There was an issue fetching the products.
    </h2>
    <h3>
      Please try again later.
    </h3>
  </div>
</div>
`;
